// Jest Snapshot v1, https://goo.gl/fbAQLP

exports[`App отображается корректно 1`] = `
<div>
  <div
    class="header"
  >
    <h1>
      Погода сейчас
    </h1>
  </div>
  <BigInfo />
  <Provider
    store={
      Object {
        "dispatch": [Function],
        "getState": [Function],
        "replaceReducer": [Function],
        "subscribe": [Function],
        Symbol(observable): [Function],
      }
    }
  >
    <PersistGate
      loading={null}
      persistor={
        Object {
          "dispatch": [Function],
          "flush": [Function],
          "getState": [Function],
          "pause": [Function],
          "persist": [Function],
          "purge": [Function],
          "replaceReducer": [Function],
          "subscribe": [Function],
          Symbol(observable): [Function],
        }
      }
    >
      <Connect(FavoriteCityPack) />
    </PersistGate>
  </Provider>
</div>
`;
